<html>
<body>
<pre>
<h1>µVision Build Log</h1>
<h2>Tool Versions:</h2>
IDE-Version: µVision V5.39.0.0
Copyright (C) 2023 ARM Ltd and ARM Germany GmbH. All rights reserved.
License Information: Alex Baret, University of Utah, LIC=----
 
Tool Versions:
Toolchain:       MDK-Lite  Version: 5.39.0.0
Toolchain Path:  C:\Keil_v5\ARM\ARMCLANG\Bin
C Compiler:      ArmClang.exe V6.21
Assembler:       Armasm.exe V6.21
Linker/Locator:  ArmLink.exe V6.21
Library Manager: ArmAr.exe V6.21
Hex Converter:   FromElf.exe V6.21
CPU DLL:         SARMCM3.DLL V5.39.0.0
Dialog DLL:      DARMCM1.DLL V1.19.6.0
Target DLL:      STLink\ST-LINKIII-KEIL_SWO.dll V3.2.0.0
Dialog DLL:      TARMCM1.DLL V1.14.6.0
 
<h2>Project:</h2>
C:\Users\Alex\Documents\CS5780\LABS\Labs\LAB5\CS5780_LAB5_Alex_Baret\MDK-ARM\CS5780_LAB5_Alex_Baret.uvprojx
Project File Date:  03/14/2024

<h2>Output:</h2>
*** Using Compiler 'V6.21', folder: 'C:\Keil_v5\ARM\ARMCLANG\Bin'
Build target 'CS5780_LAB5_Alex_Baret'
../Core/Src/main.c(61): warning: passing arguments to 'write' without a prototype is deprecated in all versions of C and is not supported in C23 [-Wdeprecated-non-prototype]
   61 |     write(1,OUT_X_L_ADDR);
      |          ^
../Core/Src/main.c(62): warning: passing arguments to 'read' without a prototype is deprecated in all versions of C and is not supported in C23 [-Wdeprecated-non-prototype]
   62 |     int dataX = read(1);
      |                     ^
../Core/Src/main.c(66): warning: passing arguments to 'write' without a prototype is deprecated in all versions of C and is not supported in C23 [-Wdeprecated-non-prototype]
   66 |     write(1,OUT_Y_L_ADDR);
      |          ^
../Core/Src/main.c(67): warning: passing arguments to 'read' without a prototype is deprecated in all versions of C and is not supported in C23 [-Wdeprecated-non-prototype]
   67 |     int dataY = read(1);
      |                     ^
../Core/Src/main.c(80): warning: passing arguments to 'write' without a prototype is deprecated in all versions of C and is not supported in C23 [-Wdeprecated-non-prototype]
   80 |   write(1,CTRL_REG1_ADDR); //setup write to CTRL_REG1
      |        ^
../Core/Src/main.c(81): warning: passing arguments to 'write' without a prototype is deprecated in all versions of C and is not supported in C23 [-Wdeprecated-non-prototype]
   81 |   write(0,CNRL_REG1_CONFIG_VALS); //writing config values into CTRL_REG1
      |        ^
../Core/Src/main.c(42): warning: a function declaration without a prototype is deprecated in all versions of C and is treated as a zero-parameter prototype in C23, conflicting with a subsequent definition [-Wdeprecated-non-prototype]
   42 | int read();
      |     ^
../Core/Src/main.c(132): note: conflicting prototype is here
  132 | int read(int restartNeeded)
      |     ^
../Core/Src/main.c(43): warning: a function declaration without a prototype is deprecated in all versions of C and is treated as a zero-parameter prototype in C23, conflicting with a subsequent definition [-Wdeprecated-non-prototype]
   43 | void write();
      |      ^
../Core/Src/main.c(164): note: conflicting prototype is here
  164 | void write(int restartNeeded, int data)
      |      ^
8 warnings generated.
compiling main.c...
linking...
Program Size: Code=4170 RO-data=274 RW-data=12 ZI-data=1644  
FromELF: creating hex file...
"CS5780_LAB5_Alex_Baret\CS5780_LAB5_Alex_Baret.axf" - 0 Error(s), 8 Warning(s).

<h2>Software Packages used:</h2>

Package Vendor: ARM
                http://www.keil.com/pack/ARM.CMSIS.5.9.0.pack
                ARM::CMSIS@5.9.0
                CMSIS (Common Microcontroller Software Interface Standard)
   * Component: CORE Version: 5.6.0

Package Vendor: Keil
                https://www.keil.com/pack/Keil.STM32F0xx_DFP.2.1.1.pack
                Keil::STM32F0xx_DFP@2.1.1
                STMicroelectronics STM32F0 Series Device Support, Drivers and Examples

<h2>Collection of Component include folders:</h2>
  ./RTE/_CS5780_LAB5_Alex_Baret
  C:/Users/Alex/AppData/Local/Arm/Packs/ARM/CMSIS/5.9.0/CMSIS/Core/Include
  C:/Users/Alex/AppData/Local/Arm/Packs/Keil/STM32F0xx_DFP/2.1.1/Drivers/CMSIS/Device/ST/STM32F0xx/Include

<h2>Collection of Component Files used:</h2>

   * Component: ARM::CMSIS:CORE@5.6.0
Build Time Elapsed:  00:00:00
</pre>
</body>
</html>
